=== cycle 1  11:28:31Z ===
observed 3200 candles, 16 new, into D:\Andy Trader\crypto_observations.db
logged 80 predictions
due 0, settled 0, unresolvable 0
=== cycle 2  11:38:51Z ===
observed 3200 candles, 16 new, into D:\Andy Trader\crypto_observations.db
logged 80 predictions
due 0, settled 0, unresolvable 0
=== cycle 3  11:49:11Z ===
observed 3200 candles, 16 new, into D:\Andy Trader\crypto_observations.db
logged 80 predictions
due 0, settled 0, unresolvable 0
=== cycle 4  11:59:31Z ===
observed 3200 candles, 16 new, into D:\Andy Trader\crypto_observations.db
logged 80 predictions
due 0, settled 0, unresolvable 0
=== cycle 5  12:09:51Z ===
observed 3200 candles, 32 new, into D:\Andy Trader\crypto_observations.db
logged 80 predictions
due 0, settled 0, unresolvable 0
=== cycle 6  12:20:10Z ===
observed 3200 candles, 16 new, into D:\Andy Trader\crypto_observations.db
logged 80 predictions
due 0, settled 0, unresolvable 0
=== cycle 7  12:30:30Z ===
observed 3200 candles, 16 new, into D:\Andy Trader\crypto_observations.db
logged 80 predictions
due 40, settled 40, unresolvable 0
=== cycle 8  12:40:50Z ===
observed 3200 candles, 16 new, into D:\Andy Trader\crypto_observations.db
logged 80 predictions
due 40, settled 40, unresolvable 0
=== cycle 9  12:51:10Z ===
observed 3200 candles, 16 new, into D:\Andy Trader\crypto_observations.db
logged 80 predictions
due 40, settled 40, unresolvable 0
=== cycle 10  13:01:30Z ===
observed 3200 candles, 24 new, into D:\Andy Trader\crypto_observations.db
logged 80 predictions
due 40, settled 40, unresolvable 0
=== cycle 11  13:11:50Z ===
observed 3200 candles, 16 new, into D:\Andy Trader\crypto_observations.db
logged 80 predictions
due 40, settled 40, unresolvable 0
=== cycle 12  13:22:10Z ===
observed 3200 candles, 16 new, into D:\Andy Trader\crypto_observations.db
logged 80 predictions
due 40, settled 40, unresolvable 0
=== run complete, 12 cycles ===
